Archive member included because of file (symbol)

g:/imt/03-imt sdk/03- imt sdk/imt_sdk_win_64/winavr/bin/../lib/gcc/avr/4.3.3/avr5\libgcc.a(_exit.o)
                              g:/imt/03-imt sdk/03- imt sdk/imt_sdk_win_64/winavr/bin/../lib/gcc/avr/4.3.3/../../../../avr/lib/avr5/crtm32.o (exit)
g:/imt/03-imt sdk/03- imt sdk/imt_sdk_win_64/winavr/bin/../lib/gcc/avr/4.3.3/avr5\libgcc.a(_copy_data.o)
                              ./main.o (__do_copy_data)
g:/imt/03-imt sdk/03- imt sdk/imt_sdk_win_64/winavr/bin/../lib/gcc/avr/4.3.3/avr5\libgcc.a(_clear_bss.o)
                              ./EXTI_program.o (__do_clear_bss)
g:/imt/03-imt sdk/03- imt sdk/imt_sdk_win_64/winavr/bin/../lib/gcc/avr/4.3.3/avr5\libgcc.a(_fixunssfsi.o)
                              ./CLCD_program.o (__fixunssfsi)
g:/imt/03-imt sdk/03- imt sdk/imt_sdk_win_64/winavr/bin/../lib/gcc/avr/4.3.3/avr5\libgcc.a(_addsub_sf.o)
                              g:/imt/03-imt sdk/03- imt sdk/imt_sdk_win_64/winavr/bin/../lib/gcc/avr/4.3.3/avr5\libgcc.a(_fixunssfsi.o) (__subsf3)
g:/imt/03-imt sdk/03- imt sdk/imt_sdk_win_64/winavr/bin/../lib/gcc/avr/4.3.3/avr5\libgcc.a(_mul_sf.o)
                              ./CLCD_program.o (__mulsf3)
g:/imt/03-imt sdk/03- imt sdk/imt_sdk_win_64/winavr/bin/../lib/gcc/avr/4.3.3/avr5\libgcc.a(_gt_sf.o)
                              ./CLCD_program.o (__gtsf2)
g:/imt/03-imt sdk/03- imt sdk/imt_sdk_win_64/winavr/bin/../lib/gcc/avr/4.3.3/avr5\libgcc.a(_ge_sf.o)
                              g:/imt/03-imt sdk/03- imt sdk/imt_sdk_win_64/winavr/bin/../lib/gcc/avr/4.3.3/avr5\libgcc.a(_fixunssfsi.o) (__gesf2)
g:/imt/03-imt sdk/03- imt sdk/imt_sdk_win_64/winavr/bin/../lib/gcc/avr/4.3.3/avr5\libgcc.a(_lt_sf.o)
                              ./CLCD_program.o (__ltsf2)
g:/imt/03-imt sdk/03- imt sdk/imt_sdk_win_64/winavr/bin/../lib/gcc/avr/4.3.3/avr5\libgcc.a(_sf_to_si.o)
                              g:/imt/03-imt sdk/03- imt sdk/imt_sdk_win_64/winavr/bin/../lib/gcc/avr/4.3.3/avr5\libgcc.a(_fixunssfsi.o) (__fixsfsi)
g:/imt/03-imt sdk/03- imt sdk/imt_sdk_win_64/winavr/bin/../lib/gcc/avr/4.3.3/avr5\libgcc.a(_thenan_sf.o)
                              g:/imt/03-imt sdk/03- imt sdk/imt_sdk_win_64/winavr/bin/../lib/gcc/avr/4.3.3/avr5\libgcc.a(_addsub_sf.o) (__thenan_sf)
g:/imt/03-imt sdk/03- imt sdk/imt_sdk_win_64/winavr/bin/../lib/gcc/avr/4.3.3/avr5\libgcc.a(_prologue.o)
                              g:/imt/03-imt sdk/03- imt sdk/imt_sdk_win_64/winavr/bin/../lib/gcc/avr/4.3.3/avr5\libgcc.a(_addsub_sf.o) (__prologue_saves__)
g:/imt/03-imt sdk/03- imt sdk/imt_sdk_win_64/winavr/bin/../lib/gcc/avr/4.3.3/avr5\libgcc.a(_epilogue.o)
                              g:/imt/03-imt sdk/03- imt sdk/imt_sdk_win_64/winavr/bin/../lib/gcc/avr/4.3.3/avr5\libgcc.a(_addsub_sf.o) (__epilogue_restores__)
g:/imt/03-imt sdk/03- imt sdk/imt_sdk_win_64/winavr/bin/../lib/gcc/avr/4.3.3/avr5\libgcc.a(_pack_sf.o)
                              g:/imt/03-imt sdk/03- imt sdk/imt_sdk_win_64/winavr/bin/../lib/gcc/avr/4.3.3/avr5\libgcc.a(_addsub_sf.o) (__pack_f)
g:/imt/03-imt sdk/03- imt sdk/imt_sdk_win_64/winavr/bin/../lib/gcc/avr/4.3.3/avr5\libgcc.a(_unpack_sf.o)
                              g:/imt/03-imt sdk/03- imt sdk/imt_sdk_win_64/winavr/bin/../lib/gcc/avr/4.3.3/avr5\libgcc.a(_addsub_sf.o) (__unpack_f)
g:/imt/03-imt sdk/03- imt sdk/imt_sdk_win_64/winavr/bin/../lib/gcc/avr/4.3.3/avr5\libgcc.a(_fpcmp_parts_sf.o)
                              g:/imt/03-imt sdk/03- imt sdk/imt_sdk_win_64/winavr/bin/../lib/gcc/avr/4.3.3/avr5\libgcc.a(_gt_sf.o) (__fpcmp_parts_f)
g:/imt/03-imt sdk/03- imt sdk/imt_sdk_win_64/winavr/bin/../lib/gcc/avr/4.3.3/../../../../avr/lib/avr5\libc.a(memcpy.o)
                              ./queue.o (memcpy)
g:/imt/03-imt sdk/03- imt sdk/imt_sdk_win_64/winavr/bin/../lib/gcc/avr/4.3.3/../../../../avr/lib/avr5\libc.a(memset.o)
                              ./tasks.o (memset)
g:/imt/03-imt sdk/03- imt sdk/imt_sdk_win_64/winavr/bin/../lib/gcc/avr/4.3.3/../../../../avr/lib/avr5\libc.a(strncpy.o)
                              ./tasks.o (strncpy)

Allocating common symbols
Common symbol       size              file

Led1Off_DataTime    0x1               ./main.o
Relay2On_DataTime   0x1               ./main.o
led1                0x1               ./main.o
Led1On_DataTime     0x1               ./main.o
Led2On_DataTime     0x1               ./main.o
Led3On_DataTime     0x1               ./main.o
Relay1Off_DataTime  0x1               ./main.o
Relay2Off_DataTime  0x1               ./main.o
Led2Off_DataTime    0x1               ./main.o
Relay1On_DataTime   0x1               ./main.o
MotorOn_DataTime    0x1               ./main.o
LEDS_sm             0x2               ./main.o
MotorOff_DataTime   0x1               ./main.o
Led3Off_DataTime    0x1               ./main.o

Memory Configuration

Name             Origin             Length             Attributes
text             0x00000000         0x00020000         xr
data             0x00800060         0x0000ffa0         rw !x
eeprom           0x00810000         0x00010000         rw !x
fuse             0x00820000         0x00000400         rw !x
lock             0x00830000         0x00000400         rw !x
signature        0x00840000         0x00000400         rw !x
*default*        0x00000000         0xffffffff

Linker script and memory map

LOAD g:/imt/03-imt sdk/03- imt sdk/imt_sdk_win_64/winavr/bin/../lib/gcc/avr/4.3.3/../../../../avr/lib/avr5/crtm32.o
LOAD ./CLCD_program.o
LOAD ./DIO_program.o
LOAD ./EEPROM_program.o
LOAD ./EXTI_program.o
LOAD ./GI_program.o
LOAD ./SW_program.o
LOAD ./TWI_Program.o
LOAD ./UART_program.o
LOAD ./croutine.o
LOAD ./heap_1.o
LOAD ./list.o
LOAD ./main.o
LOAD ./port.o
LOAD ./queue.o
LOAD ./tasks.o
LOAD ./timers.o
LOAD g:/imt/03-imt sdk/03- imt sdk/imt_sdk_win_64/winavr/bin/../lib/gcc/avr/4.3.3/avr5\libgcc.a
LOAD g:/imt/03-imt sdk/03- imt sdk/imt_sdk_win_64/winavr/bin/../lib/gcc/avr/4.3.3/../../../../avr/lib/avr5\libc.a
LOAD g:/imt/03-imt sdk/03- imt sdk/imt_sdk_win_64/winavr/bin/../lib/gcc/avr/4.3.3/avr5\libgcc.a

.hash
 *(.hash)

.dynsym
 *(.dynsym)

.dynstr
 *(.dynstr)

.gnu.version
 *(.gnu.version)

.gnu.version_d
 *(.gnu.version_d)

.gnu.version_r
 *(.gnu.version_r)

.rel.init
 *(.rel.init)

.rela.init
 *(.rela.init)

.rel.text
 *(.rel.text)
 *(.rel.text.*)
 *(.rel.gnu.linkonce.t*)

.rela.text
 *(.rela.text)
 *(.rela.text.*)
 *(.rela.gnu.linkonce.t*)

.rel.fini
 *(.rel.fini)

.rela.fini
 *(.rela.fini)

.rel.rodata
 *(.rel.rodata)
 *(.rel.rodata.*)
 *(.rel.gnu.linkonce.r*)

.rela.rodata
 *(.rela.rodata)
 *(.rela.rodata.*)
 *(.rela.gnu.linkonce.r*)

.rel.data
 *(.rel.data)
 *(.rel.data.*)
 *(.rel.gnu.linkonce.d*)

.rela.data
 *(.rela.data)
 *(.rela.data.*)
 *(.rela.gnu.linkonce.d*)

.rel.ctors
 *(.rel.ctors)

.rela.ctors
 *(.rela.ctors)

.rel.dtors
 *(.rel.dtors)

.rela.dtors
 *(.rela.dtors)

.rel.got
 *(.rel.got)

.rela.got
 *(.rela.got)

.rel.bss
 *(.rel.bss)

.rela.bss
 *(.rela.bss)

.rel.plt
 *(.rel.plt)

.rela.plt
 *(.rela.plt)

.text           0x00000000     0x52d0
 *(.vectors)
 .vectors       0x00000000       0x54 g:/imt/03-imt sdk/03- imt sdk/imt_sdk_win_64/winavr/bin/../lib/gcc/avr/4.3.3/../../../../avr/lib/avr5/crtm32.o
                0x00000000                __vectors
                0x00000000                __vector_default
 *(.vectors)
 *(.progmem.gcc*)
 *(.progmem*)
                0x00000054                . = ALIGN (0x2)
                0x00000054                __trampolines_start = .
 *(.trampolines)
 .trampolines   0x00000054        0x0 linker stubs
 *(.trampolines*)
                0x00000054                __trampolines_end = .
 *(.jumptables)
 *(.jumptables*)
 *(.lowtext)
 *(.lowtext*)
                0x00000054                __ctors_start = .
 *(.ctors)
                0x00000054                __ctors_end = .
                0x00000054                __dtors_start = .
 *(.dtors)
                0x00000054                __dtors_end = .
 SORT(*)(.ctors)
 SORT(*)(.dtors)
 *(.init0)
 .init0         0x00000054        0x0 g:/imt/03-imt sdk/03- imt sdk/imt_sdk_win_64/winavr/bin/../lib/gcc/avr/4.3.3/../../../../avr/lib/avr5/crtm32.o
                0x00000054                __init
 *(.init0)
 *(.init1)
 *(.init1)
 *(.init2)
 .init2         0x00000054        0xc g:/imt/03-imt sdk/03- imt sdk/imt_sdk_win_64/winavr/bin/../lib/gcc/avr/4.3.3/../../../../avr/lib/avr5/crtm32.o
 *(.init2)
 *(.init3)
 *(.init3)
 *(.init4)
 .init4         0x00000060       0x16 g:/imt/03-imt sdk/03- imt sdk/imt_sdk_win_64/winavr/bin/../lib/gcc/avr/4.3.3/avr5\libgcc.a(_copy_data.o)
                0x00000060                __do_copy_data
 .init4         0x00000076       0x10 g:/imt/03-imt sdk/03- imt sdk/imt_sdk_win_64/winavr/bin/../lib/gcc/avr/4.3.3/avr5\libgcc.a(_clear_bss.o)
                0x00000076                __do_clear_bss
 *(.init4)
 *(.init5)
 *(.init5)
 *(.init6)
 *(.init6)
 *(.init7)
 *(.init7)
 *(.init8)
 *(.init8)
 *(.init9)
 .init9         0x00000086        0x8 g:/imt/03-imt sdk/03- imt sdk/imt_sdk_win_64/winavr/bin/../lib/gcc/avr/4.3.3/../../../../avr/lib/avr5/crtm32.o
 *(.init9)
 *(.text)
 .text          0x0000008e        0x4 g:/imt/03-imt sdk/03- imt sdk/imt_sdk_win_64/winavr/bin/../lib/gcc/avr/4.3.3/../../../../avr/lib/avr5/crtm32.o
                0x0000008e                __vector_12
                0x0000008e                __bad_interrupt
                0x0000008e                __vector_6
                0x0000008e                __vector_11
                0x0000008e                __vector_13
                0x0000008e                __vector_17
                0x0000008e                __vector_19
                0x0000008e                __vector_5
                0x0000008e                __vector_4
                0x0000008e                __vector_9
                0x0000008e                __vector_15
                0x0000008e                __vector_8
                0x0000008e                __vector_14
                0x0000008e                __vector_10
                0x0000008e                __vector_16
                0x0000008e                __vector_18
                0x0000008e                __vector_20
 .text          0x00000092        0x0 ./CLCD_program.o
 .text          0x00000092        0x0 ./DIO_program.o
 .text          0x00000092        0x0 ./EEPROM_program.o
 .text          0x00000092        0x0 ./EXTI_program.o
 .text          0x00000092        0x0 ./GI_program.o
 .text          0x00000092        0x0 ./SW_program.o
 .text          0x00000092        0x0 ./TWI_Program.o
 .text          0x00000092        0x0 ./UART_program.o
 .text          0x00000092        0x0 ./croutine.o
 .text          0x00000092        0x0 ./heap_1.o
 .text          0x00000092        0x0 ./list.o
 .text          0x00000092        0x0 ./main.o
 .text          0x00000092        0x0 ./port.o
 .text          0x00000092        0x0 ./queue.o
 .text          0x00000092        0x0 ./tasks.o
 .text          0x00000092        0x0 ./timers.o
 .text          0x00000092        0x0 g:/imt/03-imt sdk/03- imt sdk/imt_sdk_win_64/winavr/bin/../lib/gcc/avr/4.3.3/avr5\libgcc.a(_exit.o)
 .text          0x00000092        0x0 g:/imt/03-imt sdk/03- imt sdk/imt_sdk_win_64/winavr/bin/../lib/gcc/avr/4.3.3/avr5\libgcc.a(_copy_data.o)
 .text          0x00000092        0x0 g:/imt/03-imt sdk/03- imt sdk/imt_sdk_win_64/winavr/bin/../lib/gcc/avr/4.3.3/avr5\libgcc.a(_clear_bss.o)
 .text          0x00000092       0x58 g:/imt/03-imt sdk/03- imt sdk/imt_sdk_win_64/winavr/bin/../lib/gcc/avr/4.3.3/avr5\libgcc.a(_fixunssfsi.o)
                0x00000092                __fixunssfsi
 .text          0x000000ea      0x354 g:/imt/03-imt sdk/03- imt sdk/imt_sdk_win_64/winavr/bin/../lib/gcc/avr/4.3.3/avr5\libgcc.a(_addsub_sf.o)
                0x00000382                __subsf3
                0x000003e4                __addsf3
 .text          0x0000043e      0x1f4 g:/imt/03-imt sdk/03- imt sdk/imt_sdk_win_64/winavr/bin/../lib/gcc/avr/4.3.3/avr5\libgcc.a(_mul_sf.o)
                0x0000043e                __mulsf3
 .text          0x00000632       0x60 g:/imt/03-imt sdk/03- imt sdk/imt_sdk_win_64/winavr/bin/../lib/gcc/avr/4.3.3/avr5\libgcc.a(_gt_sf.o)
                0x00000632                __gtsf2
 .text          0x00000692       0x60 g:/imt/03-imt sdk/03- imt sdk/imt_sdk_win_64/winavr/bin/../lib/gcc/avr/4.3.3/avr5\libgcc.a(_ge_sf.o)
                0x00000692                __gesf2
 .text          0x000006f2       0x60 g:/imt/03-imt sdk/03- imt sdk/imt_sdk_win_64/winavr/bin/../lib/gcc/avr/4.3.3/avr5\libgcc.a(_lt_sf.o)
                0x000006f2                __ltsf2
 .text          0x00000752       0xa8 g:/imt/03-imt sdk/03- imt sdk/imt_sdk_win_64/winavr/bin/../lib/gcc/avr/4.3.3/avr5\libgcc.a(_sf_to_si.o)
                0x00000752                __fixsfsi
 .text          0x000007fa        0x0 g:/imt/03-imt sdk/03- imt sdk/imt_sdk_win_64/winavr/bin/../lib/gcc/avr/4.3.3/avr5\libgcc.a(_thenan_sf.o)
 .text          0x000007fa        0x0 g:/imt/03-imt sdk/03- imt sdk/imt_sdk_win_64/winavr/bin/../lib/gcc/avr/4.3.3/avr5\libgcc.a(_prologue.o)
 .text          0x000007fa        0x0 g:/imt/03-imt sdk/03- imt sdk/imt_sdk_win_64/winavr/bin/../lib/gcc/avr/4.3.3/avr5\libgcc.a(_epilogue.o)
 .text          0x000007fa      0x1aa g:/imt/03-imt sdk/03- imt sdk/imt_sdk_win_64/winavr/bin/../lib/gcc/avr/4.3.3/avr5\libgcc.a(_pack_sf.o)
                0x000007fa                __pack_f
 .text          0x000009a4       0xf0 g:/imt/03-imt sdk/03- imt sdk/imt_sdk_win_64/winavr/bin/../lib/gcc/avr/4.3.3/avr5\libgcc.a(_unpack_sf.o)
                0x000009a4                __unpack_f
 .text          0x00000a94       0xb2 g:/imt/03-imt sdk/03- imt sdk/imt_sdk_win_64/winavr/bin/../lib/gcc/avr/4.3.3/avr5\libgcc.a(_fpcmp_parts_sf.o)
                0x00000a94                __fpcmp_parts_f
 .text          0x00000b46        0x0 g:/imt/03-imt sdk/03- imt sdk/imt_sdk_win_64/winavr/bin/../lib/gcc/avr/4.3.3/../../../../avr/lib/avr5\libc.a(memcpy.o)
 .text          0x00000b46        0x0 g:/imt/03-imt sdk/03- imt sdk/imt_sdk_win_64/winavr/bin/../lib/gcc/avr/4.3.3/../../../../avr/lib/avr5\libc.a(memset.o)
 .text          0x00000b46        0x0 g:/imt/03-imt sdk/03- imt sdk/imt_sdk_win_64/winavr/bin/../lib/gcc/avr/4.3.3/../../../../avr/lib/avr5\libc.a(strncpy.o)
                0x00000b46                . = ALIGN (0x2)
 *(.text.*)
 .text.CLCD_voidSendData
                0x00000b46      0x13c ./CLCD_program.o
 .text.CLCD_voidSendCmd
                0x00000c82      0x13c ./CLCD_program.o
 .text.CLCD_voidInit
                0x00000dbe      0x3c8 ./CLCD_program.o
                0x00000dbe                CLCD_voidInit
 .text.CLCD_voidSendString
                0x00001186       0x52 ./CLCD_program.o
                0x00001186                CLCD_voidSendString
 .text.CLCD_voidSitPosition
                0x000011d8       0x54 ./CLCD_program.o
                0x000011d8                CLCD_voidSitPosition
 .text.CLCD_voidSendSpecialChar
                0x0000122c       0x80 ./CLCD_program.o
                0x0000122c                CLCD_voidSendSpecialChar
 .text.CLCD_voidClearDisplay
                0x000012ac       0x14 ./CLCD_program.o
                0x000012ac                CLCD_voidClearDisplay
 .text.DIO_voidSetPortDirection
                0x000012c0       0x84 ./DIO_program.o
                0x000012c0                DIO_voidSetPortDirection
 .text.DIO_voidSetPortValue
                0x00001344       0x84 ./DIO_program.o
                0x00001344                DIO_voidSetPortValue
 .text.DIO_voidSetPinDirection
                0x000013c8      0x20c ./DIO_program.o
                0x000013c8                DIO_voidSetPinDirection
 .text.DIO_voidSetPinValue
                0x000015d4      0x20c ./DIO_program.o
                0x000015d4                DIO_voidSetPinValue
 .text.DIO_u8GetPinValue
                0x000017e0       0xf4 ./DIO_program.o
                0x000017e0                DIO_u8GetPinValue
 .text.DIO_voidTogglePinValue
                0x000018d4      0x104 ./DIO_program.o
                0x000018d4                DIO_voidTogglePinValue
 .text.EEPROM_voidWriteByte
                0x000019d8      0x14a ./EEPROM_program.o
                0x000019d8                EEPROM_voidWriteByte
 .text.EEPROM_u8ReadByte
                0x00001b22       0x68 ./EEPROM_program.o
                0x00001b22                EEPROM_u8ReadByte
 .text.EXIT_voidEnableDisable
                0x00001b8a      0x10c ./EXTI_program.o
                0x00001b8a                EXIT_voidEnableDisable
 .text.EXIT_voidSetSenseControl
                0x00001c96      0x200 ./EXTI_program.o
                0x00001c96                EXIT_voidSetSenseControl
 .text.EXTI_voidSetCallBack
                0x00001e96       0xa2 ./EXTI_program.o
                0x00001e96                EXTI_voidSetCallBack
 .text.__vector_1
                0x00001f38       0x5a ./EXTI_program.o
                0x00001f38                __vector_1
 .text.__vector_2
                0x00001f92       0x5a ./EXTI_program.o
                0x00001f92                __vector_2
 .text.__vector_3
                0x00001fec       0x5a ./EXTI_program.o
                0x00001fec                __vector_3
 .text.GI_voidEnable
                0x00002046       0x1c ./GI_program.o
                0x00002046                GI_voidEnable
 .text.GI_voidDisable
                0x00002062       0x1c ./GI_program.o
                0x00002062                GI_voidDisable
 .text.SWITCH_u8IsPressed
                0x0000207e       0x60 ./SW_program.o
                0x0000207e                SWITCH_u8IsPressed
 .text.TWI_voidMasterInit
                0x000020de       0x5e ./TWI_Program.o
                0x000020de                TWI_voidMasterInit
 .text.TWI_voidSlaveInit
                0x0000213c       0x3a ./TWI_Program.o
                0x0000213c                TWI_voidSlaveInit
 .text.TWI_voidStartCondition
                0x00002176       0x34 ./TWI_Program.o
                0x00002176                TWI_voidStartCondition
 .text.TWI_voidSendSlaveAddressWithWrite
                0x000021aa       0x52 ./TWI_Program.o
                0x000021aa                TWI_voidSendSlaveAddressWithWrite
 .text.TWI_voidSendSLaveAddressWithRead
                0x000021fc       0x52 ./TWI_Program.o
                0x000021fc                TWI_voidSendSLaveAddressWithRead
 .text.TWI_voidSendData
                0x0000224e       0x34 ./TWI_Program.o
                0x0000224e                TWI_voidSendData
 .text.TWI_u8RecieveData
                0x00002282       0x2c ./TWI_Program.o
                0x00002282                TWI_u8RecieveData
 .text.TWI_voidStopCondition
                0x000022ae       0x1c ./TWI_Program.o
                0x000022ae                TWI_voidStopCondition
 .text.UART_voidInit
                0x000022ca       0x66 ./UART_program.o
                0x000022ca                UART_voidInit
 .text.UART_voidSendData
                0x00002330       0x34 ./UART_program.o
                0x00002330                UART_voidSendData
 .text.UART_u8ReceiveData
                0x00002364       0x1e ./UART_program.o
                0x00002364                UART_u8ReceiveData
 .text.xCoRoutineCreate
                0x00002382      0x128 ./croutine.o
                0x00002382                xCoRoutineCreate
 .text.vCoRoutineAddToDelayedList
                0x000024aa       0xc2 ./croutine.o
                0x000024aa                vCoRoutineAddToDelayedList
 .text.prvCheckPendingReadyList
                0x0000256c       0x94 ./croutine.o
 .text.prvCheckDelayedList
                0x00002600      0x15c ./croutine.o
 .text.vCoRoutineSchedule
                0x0000275c       0xf4 ./croutine.o
                0x0000275c                vCoRoutineSchedule
 .text.prvInitialiseCoRoutineLists
                0x00002850       0x72 ./croutine.o
 .text.xCoRoutineRemoveFromEventList
                0x000028c2       0x70 ./croutine.o
                0x000028c2                xCoRoutineRemoveFromEventList
 .text.pvPortMalloc
                0x00002932       0x8c ./heap_1.o
                0x00002932                pvPortMalloc
 .text.vPortFree
                0x000029be       0x18 ./heap_1.o
                0x000029be                vPortFree
 .text.vPortInitialiseBlocks
                0x000029d6       0x16 ./heap_1.o
                0x000029d6                vPortInitialiseBlocks
 .text.xPortGetFreeHeapSize
                0x000029ec       0x1e ./heap_1.o
                0x000029ec                xPortGetFreeHeapSize
 .text.vListInitialise
                0x00002a0a       0x54 ./list.o
                0x00002a0a                vListInitialise
 .text.vListInitialiseItem
                0x00002a5e       0x20 ./list.o
                0x00002a5e                vListInitialiseItem
 .text.vListInsertEnd
                0x00002a7e       0x98 ./list.o
                0x00002a7e                vListInsertEnd
 .text.vListInsert
                0x00002b16       0xd8 ./list.o
                0x00002b16                vListInsert
 .text.vListRemove
                0x00002bee       0x92 ./list.o
                0x00002bee                vListRemove
 .text.Task1    0x00002c80       0x56 ./main.o
                0x00002c80                Task1
 .text.Task2    0x00002cd6      0x376 ./main.o
                0x00002cd6                Task2
 .text.Task3    0x0000304c      0x316 ./main.o
                0x0000304c                Task3
 .text.Task4    0x00003362       0xee ./main.o
                0x00003362                Task4
 .text.main     0x00003450      0x154 ./main.o
                0x00003450                main
 .text.pxPortInitialiseStack
                0x000035a4      0x306 ./port.o
                0x000035a4                pxPortInitialiseStack
 .text.xPortStartScheduler
                0x000038aa       0x6a ./port.o
                0x000038aa                xPortStartScheduler
 .text.vPortEndScheduler
                0x00003914        0xe ./port.o
                0x00003914                vPortEndScheduler
 .text.vPortYield
                0x00003922       0xb2 ./port.o
                0x00003922                vPortYield
 .text.vPortYieldFromTick
                0x000039d4       0xb6 ./port.o
                0x000039d4                vPortYieldFromTick
 .text.prvSetupTimerInterrupt
                0x00003a8a       0xb8 ./port.o
 .text.__vector_7
                0x00003b42        0x6 ./port.o
                0x00003b42                __vector_7
 .text.xQueueCreate
                0x00003b48      0x152 ./queue.o
                0x00003b48                xQueueCreate
 .text.xQueueGenericSend
                0x00003c9a      0x13c ./queue.o
                0x00003c9a                xQueueGenericSend
 .text.xQueueGenericSendFromISR
                0x00003dd6       0x9a ./queue.o
                0x00003dd6                xQueueGenericSendFromISR
 .text.xQueueGenericReceive
                0x00003e70      0x180 ./queue.o
                0x00003e70                xQueueGenericReceive
 .text.xQueueReceiveFromISR
                0x00003ff0       0x9e ./queue.o
                0x00003ff0                xQueueReceiveFromISR
 .text.uxQueueMessagesWaiting
                0x0000408e       0x30 ./queue.o
                0x0000408e                uxQueueMessagesWaiting
 .text.uxQueueMessagesWaitingFromISR
                0x000040be       0x26 ./queue.o
                0x000040be                uxQueueMessagesWaitingFromISR
 .text.vQueueDelete
                0x000040e4       0x2c ./queue.o
                0x000040e4                vQueueDelete
 .text.prvCopyDataToQueue
                0x00004110      0x12a ./queue.o
 .text.prvCopyDataFromQueue
                0x0000423a       0x90 ./queue.o
 .text.prvUnlockQueue
                0x000042ca       0xa8 ./queue.o
 .text.prvIsQueueEmpty
                0x00004372       0x38 ./queue.o
 .text.xQueueIsQueueEmptyFromISR
                0x000043aa       0x2e ./queue.o
                0x000043aa                xQueueIsQueueEmptyFromISR
 .text.prvIsQueueFull
                0x000043d8       0x3e ./queue.o
 .text.xQueueIsQueueFullFromISR
                0x00004416       0x34 ./queue.o
                0x00004416                xQueueIsQueueFullFromISR
 .text.xTaskGenericCreate
                0x0000444a      0x1da ./tasks.o
                0x0000444a                xTaskGenericCreate
 .text.vTaskDelete
                0x00004624       0xc6 ./tasks.o
                0x00004624                vTaskDelete
 .text.vTaskDelayUntil
                0x000046ea       0xe8 ./tasks.o
                0x000046ea                vTaskDelayUntil
 .text.vTaskDelay
                0x000047d2       0x6a ./tasks.o
                0x000047d2                vTaskDelay
 .text.vTaskStartScheduler
                0x0000483c       0x6e ./tasks.o
                0x0000483c                vTaskStartScheduler
 .text.vTaskEndScheduler
                0x000048aa       0x18 ./tasks.o
                0x000048aa                vTaskEndScheduler
 .text.vTaskSuspendAll
                0x000048c2       0x18 ./tasks.o
                0x000048c2                vTaskSuspendAll
 .text.xTaskResumeAll
                0x000048da      0x114 ./tasks.o
                0x000048da                xTaskResumeAll
 .text.xTaskGetTickCount
                0x000049ee       0x2e ./tasks.o
                0x000049ee                xTaskGetTickCount
 .text.xTaskGetTickCountFromISR
                0x00004a1c       0x2a ./tasks.o
                0x00004a1c                xTaskGetTickCountFromISR
 .text.uxTaskGetNumberOfTasks
                0x00004a46       0x12 ./tasks.o
                0x00004a46                uxTaskGetNumberOfTasks
 .text.vTaskIncrementTick
                0x00004a58      0x1aa ./tasks.o
                0x00004a58                vTaskIncrementTick
 .text.vTaskSwitchContext
                0x00004c02       0xcc ./tasks.o
                0x00004c02                vTaskSwitchContext
 .text.vTaskPlaceOnEventList
                0x00004cce       0x6c ./tasks.o
                0x00004cce                vTaskPlaceOnEventList
 .text.xTaskRemoveFromEventList
                0x00004d3a       0xd0 ./tasks.o
                0x00004d3a                xTaskRemoveFromEventList
 .text.vTaskSetTimeOutState
                0x00004e0a       0x32 ./tasks.o
                0x00004e0a                vTaskSetTimeOutState
 .text.xTaskCheckForTimeOut
                0x00004e3c       0xba ./tasks.o
                0x00004e3c                xTaskCheckForTimeOut
 .text.vTaskMissedYield
                0x00004ef6       0x14 ./tasks.o
                0x00004ef6                vTaskMissedYield
 .text.prvIdleTask
                0x00004f0a       0x14 ./tasks.o
 .text.prvInitialiseTCBVariables
                0x00004f1e       0xae ./tasks.o
 .text.prvInitialiseTaskLists
                0x00004fcc       0x7a ./tasks.o
 .text.prvCheckTasksWaitingTermination
                0x00005046       0x7c ./tasks.o
 .text.prvAddCurrentTaskToDelayedList
                0x000050c2       0x92 ./tasks.o
 .text.prvAllocateTCBAndStack
                0x00005154       0xa0 ./tasks.o
 .text.prvDeleteTCB
                0x000051f4       0x2c ./tasks.o
 .text.libgcc   0x00005220        0x0 g:/imt/03-imt sdk/03- imt sdk/imt_sdk_win_64/winavr/bin/../lib/gcc/avr/4.3.3/avr5\libgcc.a(_exit.o)
 .text.libgcc   0x00005220        0x0 g:/imt/03-imt sdk/03- imt sdk/imt_sdk_win_64/winavr/bin/../lib/gcc/avr/4.3.3/avr5\libgcc.a(_copy_data.o)
 .text.libgcc   0x00005220        0x0 g:/imt/03-imt sdk/03- imt sdk/imt_sdk_win_64/winavr/bin/../lib/gcc/avr/4.3.3/avr5\libgcc.a(_clear_bss.o)
 .text.libgcc   0x00005220       0x38 g:/imt/03-imt sdk/03- imt sdk/imt_sdk_win_64/winavr/bin/../lib/gcc/avr/4.3.3/avr5\libgcc.a(_prologue.o)
                0x00005220                __prologue_saves__
 .text.libgcc   0x00005258       0x36 g:/imt/03-imt sdk/03- imt sdk/imt_sdk_win_64/winavr/bin/../lib/gcc/avr/4.3.3/avr5\libgcc.a(_epilogue.o)
                0x00005258                __epilogue_restores__
 .text.avr-libc
                0x0000528e       0x12 g:/imt/03-imt sdk/03- imt sdk/imt_sdk_win_64/winavr/bin/../lib/gcc/avr/4.3.3/../../../../avr/lib/avr5\libc.a(memcpy.o)
                0x0000528e                memcpy
 .text.avr-libc
                0x000052a0        0xe g:/imt/03-imt sdk/03- imt sdk/imt_sdk_win_64/winavr/bin/../lib/gcc/avr/4.3.3/../../../../avr/lib/avr5\libc.a(memset.o)
                0x000052a0                memset
 .text.avr-libc
                0x000052ae       0x1e g:/imt/03-imt sdk/03- imt sdk/imt_sdk_win_64/winavr/bin/../lib/gcc/avr/4.3.3/../../../../avr/lib/avr5\libc.a(strncpy.o)
                0x000052ae                strncpy
                0x000052cc                . = ALIGN (0x2)
 *(.fini9)
 .fini9         0x000052cc        0x0 g:/imt/03-imt sdk/03- imt sdk/imt_sdk_win_64/winavr/bin/../lib/gcc/avr/4.3.3/avr5\libgcc.a(_exit.o)
                0x000052cc                exit
                0x000052cc                _exit
 *(.fini9)
 *(.fini8)
 *(.fini8)
 *(.fini7)
 *(.fini7)
 *(.fini6)
 *(.fini6)
 *(.fini5)
 *(.fini5)
 *(.fini4)
 *(.fini4)
 *(.fini3)
 *(.fini3)
 *(.fini2)
 *(.fini2)
 *(.fini1)
 *(.fini1)
 *(.fini0)
 .fini0         0x000052cc        0x4 g:/imt/03-imt sdk/03- imt sdk/imt_sdk_win_64/winavr/bin/../lib/gcc/avr/4.3.3/avr5\libgcc.a(_exit.o)
 *(.fini0)
                0x000052d0                _etext = .

.data           0x00800060       0xc8 load address 0x000052d0
                0x00800060                PROVIDE (__data_start, .)
 *(.data)
 .data          0x00800060        0x0 g:/imt/03-imt sdk/03- imt sdk/imt_sdk_win_64/winavr/bin/../lib/gcc/avr/4.3.3/../../../../avr/lib/avr5/crtm32.o
 .data          0x00800060        0x0 ./CLCD_program.o
 .data          0x00800060        0x0 ./DIO_program.o
 .data          0x00800060        0x0 ./EEPROM_program.o
 .data          0x00800060        0x0 ./EXTI_program.o
 .data          0x00800060        0x0 ./GI_program.o
 .data          0x00800060        0x0 ./SW_program.o
 .data          0x00800060        0x0 ./TWI_Program.o
 .data          0x00800060        0x0 ./UART_program.o
 .data          0x00800060        0x0 ./croutine.o
 .data          0x00800060        0x0 ./heap_1.o
 .data          0x00800060        0x0 ./list.o
 .data          0x00800060       0xa5 ./main.o
 .data          0x00800105        0x0 ./port.o
 .data          0x00800105        0x0 ./queue.o
 .data          0x00800105        0x5 ./tasks.o
 .data          0x0080010a        0x0 ./timers.o
 .data          0x0080010a        0x0 g:/imt/03-imt sdk/03- imt sdk/imt_sdk_win_64/winavr/bin/../lib/gcc/avr/4.3.3/avr5\libgcc.a(_exit.o)
 .data          0x0080010a        0x0 g:/imt/03-imt sdk/03- imt sdk/imt_sdk_win_64/winavr/bin/../lib/gcc/avr/4.3.3/avr5\libgcc.a(_copy_data.o)
 .data          0x0080010a        0x0 g:/imt/03-imt sdk/03- imt sdk/imt_sdk_win_64/winavr/bin/../lib/gcc/avr/4.3.3/avr5\libgcc.a(_clear_bss.o)
 .data          0x0080010a        0x0 g:/imt/03-imt sdk/03- imt sdk/imt_sdk_win_64/winavr/bin/../lib/gcc/avr/4.3.3/avr5\libgcc.a(_fixunssfsi.o)
 .data          0x0080010a        0x0 g:/imt/03-imt sdk/03- imt sdk/imt_sdk_win_64/winavr/bin/../lib/gcc/avr/4.3.3/avr5\libgcc.a(_addsub_sf.o)
 .data          0x0080010a        0x0 g:/imt/03-imt sdk/03- imt sdk/imt_sdk_win_64/winavr/bin/../lib/gcc/avr/4.3.3/avr5\libgcc.a(_mul_sf.o)
 .data          0x0080010a        0x0 g:/imt/03-imt sdk/03- imt sdk/imt_sdk_win_64/winavr/bin/../lib/gcc/avr/4.3.3/avr5\libgcc.a(_gt_sf.o)
 .data          0x0080010a        0x0 g:/imt/03-imt sdk/03- imt sdk/imt_sdk_win_64/winavr/bin/../lib/gcc/avr/4.3.3/avr5\libgcc.a(_ge_sf.o)
 .data          0x0080010a        0x0 g:/imt/03-imt sdk/03- imt sdk/imt_sdk_win_64/winavr/bin/../lib/gcc/avr/4.3.3/avr5\libgcc.a(_lt_sf.o)
 .data          0x0080010a        0x0 g:/imt/03-imt sdk/03- imt sdk/imt_sdk_win_64/winavr/bin/../lib/gcc/avr/4.3.3/avr5\libgcc.a(_sf_to_si.o)
 .data          0x0080010a        0x8 g:/imt/03-imt sdk/03- imt sdk/imt_sdk_win_64/winavr/bin/../lib/gcc/avr/4.3.3/avr5\libgcc.a(_thenan_sf.o)
                0x0080010a                __thenan_sf
 .data          0x00800112        0x0 g:/imt/03-imt sdk/03- imt sdk/imt_sdk_win_64/winavr/bin/../lib/gcc/avr/4.3.3/avr5\libgcc.a(_prologue.o)
 .data          0x00800112        0x0 g:/imt/03-imt sdk/03- imt sdk/imt_sdk_win_64/winavr/bin/../lib/gcc/avr/4.3.3/avr5\libgcc.a(_epilogue.o)
 .data          0x00800112        0x0 g:/imt/03-imt sdk/03- imt sdk/imt_sdk_win_64/winavr/bin/../lib/gcc/avr/4.3.3/avr5\libgcc.a(_pack_sf.o)
 .data          0x00800112        0x0 g:/imt/03-imt sdk/03- imt sdk/imt_sdk_win_64/winavr/bin/../lib/gcc/avr/4.3.3/avr5\libgcc.a(_unpack_sf.o)
 .data          0x00800112        0x0 g:/imt/03-imt sdk/03- imt sdk/imt_sdk_win_64/winavr/bin/../lib/gcc/avr/4.3.3/avr5\libgcc.a(_fpcmp_parts_sf.o)
 .data          0x00800112        0x0 g:/imt/03-imt sdk/03- imt sdk/imt_sdk_win_64/winavr/bin/../lib/gcc/avr/4.3.3/../../../../avr/lib/avr5\libc.a(memcpy.o)
 .data          0x00800112        0x0 g:/imt/03-imt sdk/03- imt sdk/imt_sdk_win_64/winavr/bin/../lib/gcc/avr/4.3.3/../../../../avr/lib/avr5\libc.a(memset.o)
 .data          0x00800112        0x0 g:/imt/03-imt sdk/03- imt sdk/imt_sdk_win_64/winavr/bin/../lib/gcc/avr/4.3.3/../../../../avr/lib/avr5\libc.a(strncpy.o)
 *(.data*)
 .data.CurrentAddress
                0x00800112        0x1 ./main.o
                0x00800112                CurrentAddress
 .data.Switch_1
                0x00800113        0x3 ./main.o
                0x00800113                Switch_1
 .data.Switch_2
                0x00800116        0x3 ./main.o
                0x00800116                Switch_2
 .data.Switch_3
                0x00800119        0x3 ./main.o
                0x00800119                Switch_3
 .data.Switch_4
                0x0080011c        0x3 ./main.o
                0x0080011c                Switch_4
 .data.Switch_5
                0x0080011f        0x3 ./main.o
                0x0080011f                Switch_5
 .data.Switch_6
                0x00800122        0x3 ./main.o
                0x00800122                Switch_6
 .data.xNextTaskUnblockTime
                0x00800125        0x2 ./tasks.o
 *(.rodata)
 *(.rodata*)
 *(.gnu.linkonce.d*)
                0x00800128                . = ALIGN (0x2)
 *fill*         0x00800127        0x1 00
                0x00800128                _edata = .
                0x00800128                PROVIDE (__data_end, .)

.bss            0x00800128      0x570
                0x00800128                PROVIDE (__bss_start, .)
 *(.bss)
 .bss           0x00800128        0x0 g:/imt/03-imt sdk/03- imt sdk/imt_sdk_win_64/winavr/bin/../lib/gcc/avr/4.3.3/../../../../avr/lib/avr5/crtm32.o
 .bss           0x00800128        0x0 ./CLCD_program.o
 .bss           0x00800128        0x0 ./DIO_program.o
 .bss           0x00800128        0x0 ./EEPROM_program.o
 .bss           0x00800128        0x0 ./EXTI_program.o
 .bss           0x00800128        0x0 ./GI_program.o
 .bss           0x00800128        0x0 ./SW_program.o
 .bss           0x00800128        0x0 ./TWI_Program.o
 .bss           0x00800128        0x0 ./UART_program.o
 .bss           0x00800128        0x0 ./croutine.o
 .bss           0x00800128        0x0 ./heap_1.o
 .bss           0x00800128        0x0 ./list.o
 .bss           0x00800128        0x0 ./main.o
 .bss           0x00800128        0x0 ./port.o
 .bss           0x00800128        0x0 ./queue.o
 .bss           0x00800128        0x0 ./tasks.o
 .bss           0x00800128        0x0 ./timers.o
 .bss           0x00800128        0x0 g:/imt/03-imt sdk/03- imt sdk/imt_sdk_win_64/winavr/bin/../lib/gcc/avr/4.3.3/avr5\libgcc.a(_exit.o)
 .bss           0x00800128        0x0 g:/imt/03-imt sdk/03- imt sdk/imt_sdk_win_64/winavr/bin/../lib/gcc/avr/4.3.3/avr5\libgcc.a(_copy_data.o)
 .bss           0x00800128        0x0 g:/imt/03-imt sdk/03- imt sdk/imt_sdk_win_64/winavr/bin/../lib/gcc/avr/4.3.3/avr5\libgcc.a(_clear_bss.o)
 .bss           0x00800128        0x0 g:/imt/03-imt sdk/03- imt sdk/imt_sdk_win_64/winavr/bin/../lib/gcc/avr/4.3.3/avr5\libgcc.a(_fixunssfsi.o)
 .bss           0x00800128        0x0 g:/imt/03-imt sdk/03- imt sdk/imt_sdk_win_64/winavr/bin/../lib/gcc/avr/4.3.3/avr5\libgcc.a(_addsub_sf.o)
 .bss           0x00800128        0x0 g:/imt/03-imt sdk/03- imt sdk/imt_sdk_win_64/winavr/bin/../lib/gcc/avr/4.3.3/avr5\libgcc.a(_mul_sf.o)
 .bss           0x00800128        0x0 g:/imt/03-imt sdk/03- imt sdk/imt_sdk_win_64/winavr/bin/../lib/gcc/avr/4.3.3/avr5\libgcc.a(_gt_sf.o)
 .bss           0x00800128        0x0 g:/imt/03-imt sdk/03- imt sdk/imt_sdk_win_64/winavr/bin/../lib/gcc/avr/4.3.3/avr5\libgcc.a(_ge_sf.o)
 .bss           0x00800128        0x0 g:/imt/03-imt sdk/03- imt sdk/imt_sdk_win_64/winavr/bin/../lib/gcc/avr/4.3.3/avr5\libgcc.a(_lt_sf.o)
 .bss           0x00800128        0x0 g:/imt/03-imt sdk/03- imt sdk/imt_sdk_win_64/winavr/bin/../lib/gcc/avr/4.3.3/avr5\libgcc.a(_sf_to_si.o)
 .bss           0x00800128        0x0 g:/imt/03-imt sdk/03- imt sdk/imt_sdk_win_64/winavr/bin/../lib/gcc/avr/4.3.3/avr5\libgcc.a(_thenan_sf.o)
 .bss           0x00800128        0x0 g:/imt/03-imt sdk/03- imt sdk/imt_sdk_win_64/winavr/bin/../lib/gcc/avr/4.3.3/avr5\libgcc.a(_prologue.o)
 .bss           0x00800128        0x0 g:/imt/03-imt sdk/03- imt sdk/imt_sdk_win_64/winavr/bin/../lib/gcc/avr/4.3.3/avr5\libgcc.a(_epilogue.o)
 .bss           0x00800128        0x0 g:/imt/03-imt sdk/03- imt sdk/imt_sdk_win_64/winavr/bin/../lib/gcc/avr/4.3.3/avr5\libgcc.a(_pack_sf.o)
 .bss           0x00800128        0x0 g:/imt/03-imt sdk/03- imt sdk/imt_sdk_win_64/winavr/bin/../lib/gcc/avr/4.3.3/avr5\libgcc.a(_unpack_sf.o)
 .bss           0x00800128        0x0 g:/imt/03-imt sdk/03- imt sdk/imt_sdk_win_64/winavr/bin/../lib/gcc/avr/4.3.3/avr5\libgcc.a(_fpcmp_parts_sf.o)
 .bss           0x00800128        0x0 g:/imt/03-imt sdk/03- imt sdk/imt_sdk_win_64/winavr/bin/../lib/gcc/avr/4.3.3/../../../../avr/lib/avr5\libc.a(memcpy.o)
 .bss           0x00800128        0x0 g:/imt/03-imt sdk/03- imt sdk/imt_sdk_win_64/winavr/bin/../lib/gcc/avr/4.3.3/../../../../avr/lib/avr5\libc.a(memset.o)
 .bss           0x00800128        0x0 g:/imt/03-imt sdk/03- imt sdk/imt_sdk_win_64/winavr/bin/../lib/gcc/avr/4.3.3/../../../../avr/lib/avr5\libc.a(strncpy.o)
 *(.bss*)
 .bss.GlobalPtrTofunc
                0x00800128        0x6 ./EXTI_program.o
 .bss.pxCurrentCoRoutine
                0x0080012e        0x2 ./croutine.o
                0x0080012e                pxCurrentCoRoutine
 .bss.uxTopCoRoutineReadyPriority
                0x00800130        0x1 ./croutine.o
 .bss.xCoRoutineTickCount
                0x00800131        0x2 ./croutine.o
 .bss.xLastTickCount
                0x00800133        0x2 ./croutine.o
 .bss.xPassedTicks
                0x00800135        0x2 ./croutine.o
 .bss.pxReadyCoRoutineLists
                0x00800137       0x12 ./croutine.o
 .bss.xDelayedCoRoutineList1
                0x00800149        0x9 ./croutine.o
 .bss.xDelayedCoRoutineList2
                0x00800152        0x9 ./croutine.o
 .bss.pxDelayedCoRoutineList
                0x0080015b        0x2 ./croutine.o
 .bss.pxOverflowDelayedCoRoutineList
                0x0080015d        0x2 ./croutine.o
 .bss.xPendingReadyCoRoutineList
                0x0080015f        0x9 ./croutine.o
 .bss.xNextFreeByte
                0x00800168        0x2 ./heap_1.o
 .bss.xHeap     0x0080016a      0x4b0 ./heap_1.o
 .bss.Recived_data
                0x0080061a        0x1 ./main.o
                0x0080061a                Recived_data
 .bss.SystemTime
                0x0080061b        0x4 ./main.o
                0x0080061b                SystemTime
 .bss.Counter.1605
                0x0080061f        0x4 ./main.o
 .bss.LedThreeState.1717
                0x00800623        0x1 ./main.o
 .bss.LedTwoState.1716
                0x00800624        0x1 ./main.o
 .bss.LedOneState.1715
                0x00800625        0x1 ./main.o
 .bss.pxCurrentTCB
                0x00800626        0x2 ./tasks.o
                0x00800626                pxCurrentTCB
 .bss.uxTasksDeleted
                0x00800628        0x1 ./tasks.o
 .bss.uxCurrentNumberOfTasks
                0x00800629        0x1 ./tasks.o
 .bss.xTickCount
                0x0080062a        0x2 ./tasks.o
 .bss.uxTopUsedPriority
                0x0080062c        0x1 ./tasks.o
 .bss.uxTopReadyPriority
                0x0080062d        0x1 ./tasks.o
 .bss.xSchedulerRunning
                0x0080062e        0x1 ./tasks.o
 .bss.uxSchedulerSuspended
                0x0080062f        0x1 ./tasks.o
 .bss.uxMissedTicks
                0x00800630        0x1 ./tasks.o
 .bss.xMissedYield
                0x00800631        0x1 ./tasks.o
 .bss.xNumOfOverflows
                0x00800632        0x1 ./tasks.o
 .bss.uxTaskNumber
                0x00800633        0x1 ./tasks.o
 .bss.pxReadyTasksLists
                0x00800634       0x2d ./tasks.o
 .bss.xDelayedTaskList1
                0x00800661        0x9 ./tasks.o
 .bss.xDelayedTaskList2
                0x0080066a        0x9 ./tasks.o
 .bss.pxDelayedTaskList
                0x00800673        0x2 ./tasks.o
 .bss.pxOverflowDelayedTaskList
                0x00800675        0x2 ./tasks.o
 .bss.xPendingReadyList
                0x00800677        0x9 ./tasks.o
 .bss.xTasksWaitingTermination
                0x00800680        0x9 ./tasks.o
 *(COMMON)
 COMMON         0x00800689        0xf ./main.o
                0x00800689                Led1Off_DataTime
                0x0080068a                Relay2On_DataTime
                0x0080068b                led1
                0x0080068c                Led1On_DataTime
                0x0080068d                Led2On_DataTime
                0x0080068e                Led3On_DataTime
                0x0080068f                Relay1Off_DataTime
                0x00800690                Relay2Off_DataTime
                0x00800691                Led2Off_DataTime
                0x00800692                Relay1On_DataTime
                0x00800693                MotorOn_DataTime
                0x00800694                LEDS_sm
                0x00800696                MotorOff_DataTime
                0x00800697                Led3Off_DataTime
                0x00800698                PROVIDE (__bss_end, .)
                0x000052d0                __data_load_start = LOADADDR (.data)
                0x00005398                __data_load_end = (__data_load_start + SIZEOF (.data))

.noinit         0x00800698        0x0
                0x00800698                PROVIDE (__noinit_start, .)
 *(.noinit*)
                0x00800698                PROVIDE (__noinit_end, .)
                0x00800698                _end = .
                0x00800698                PROVIDE (__heap_start, .)

.eeprom         0x00810000        0x0
 *(.eeprom*)
                0x00810000                __eeprom_end = .

.fuse
 *(.fuse)
 *(.lfuse)
 *(.hfuse)
 *(.efuse)

.lock
 *(.lock*)

.signature
 *(.signature*)

.stab           0x00000000     0x6b34
 *(.stab)
 .stab          0x00000000      0xad4 ./CLCD_program.o
 .stab          0x00000ad4      0x4d4 ./DIO_program.o
                                0x57c (size before relaxing)
 .stab          0x00000fa8      0x348 ./EEPROM_program.o
                                0x57c (size before relaxing)
 .stab          0x000012f0      0x4c8 ./EXTI_program.o
                                0x570 (size before relaxing)
 .stab          0x000017b8      0x144 ./GI_program.o
                                0x1ec (size before relaxing)
 .stab          0x000018fc      0x264 ./SW_program.o
                                0x48c (size before relaxing)
 .stab          0x00001b60      0x39c ./TWI_Program.o
                                0x444 (size before relaxing)
 .stab          0x00001efc      0x228 ./UART_program.o
                                0x2d0 (size before relaxing)
 .stab          0x00002124      0x9b4 ./croutine.o
                                0xb40 (size before relaxing)
 .stab          0x00002ad8      0x354 ./heap_1.o
                                0x624 (size before relaxing)
 .stab          0x00002e2c      0x474 ./list.o
                                0x750 (size before relaxing)
 .stab          0x000032a0      0xaec ./main.o
                                0xea0 (size before relaxing)
 .stab          0x00003d8c      0x840 ./port.o
                                0xb70 (size before relaxing)
 .stab          0x000045cc      0xe94 ./queue.o
                               0x11d0 (size before relaxing)
 .stab          0x00005460     0x1524 ./tasks.o
                               0x17d0 (size before relaxing)
 .stab          0x00006984      0x1b0 ./timers.o
                                0x4c8 (size before relaxing)

.stabstr        0x00000000     0x37a1
 *(.stabstr)
 .stabstr       0x00000000     0x37a1 ./CLCD_program.o

.stab.excl
 *(.stab.excl)

.stab.exclstr
 *(.stab.exclstr)

.stab.index
 *(.stab.index)

.stab.indexstr
 *(.stab.indexstr)

.comment
 *(.comment)

.debug
 *(.debug)

.line
 *(.line)

.debug_srcinfo
 *(.debug_srcinfo)

.debug_sfnames
 *(.debug_sfnames)

.debug_aranges  0x00000000      0x140
 *(.debug_aranges)
 .debug_aranges
                0x00000000       0x20 g:/imt/03-imt sdk/03- imt sdk/imt_sdk_win_64/winavr/bin/../lib/gcc/avr/4.3.3/avr5\libgcc.a(_fixunssfsi.o)
 .debug_aranges
                0x00000020       0x20 g:/imt/03-imt sdk/03- imt sdk/imt_sdk_win_64/winavr/bin/../lib/gcc/avr/4.3.3/avr5\libgcc.a(_addsub_sf.o)
 .debug_aranges
                0x00000040       0x20 g:/imt/03-imt sdk/03- imt sdk/imt_sdk_win_64/winavr/bin/../lib/gcc/avr/4.3.3/avr5\libgcc.a(_mul_sf.o)
 .debug_aranges
                0x00000060       0x20 g:/imt/03-imt sdk/03- imt sdk/imt_sdk_win_64/winavr/bin/../lib/gcc/avr/4.3.3/avr5\libgcc.a(_gt_sf.o)
 .debug_aranges
                0x00000080       0x20 g:/imt/03-imt sdk/03- imt sdk/imt_sdk_win_64/winavr/bin/../lib/gcc/avr/4.3.3/avr5\libgcc.a(_ge_sf.o)
 .debug_aranges
                0x000000a0       0x20 g:/imt/03-imt sdk/03- imt sdk/imt_sdk_win_64/winavr/bin/../lib/gcc/avr/4.3.3/avr5\libgcc.a(_lt_sf.o)
 .debug_aranges
                0x000000c0       0x20 g:/imt/03-imt sdk/03- imt sdk/imt_sdk_win_64/winavr/bin/../lib/gcc/avr/4.3.3/avr5\libgcc.a(_sf_to_si.o)
 .debug_aranges
                0x000000e0       0x20 g:/imt/03-imt sdk/03- imt sdk/imt_sdk_win_64/winavr/bin/../lib/gcc/avr/4.3.3/avr5\libgcc.a(_pack_sf.o)
 .debug_aranges
                0x00000100       0x20 g:/imt/03-imt sdk/03- imt sdk/imt_sdk_win_64/winavr/bin/../lib/gcc/avr/4.3.3/avr5\libgcc.a(_unpack_sf.o)
 .debug_aranges
                0x00000120       0x20 g:/imt/03-imt sdk/03- imt sdk/imt_sdk_win_64/winavr/bin/../lib/gcc/avr/4.3.3/avr5\libgcc.a(_fpcmp_parts_sf.o)

.debug_pubnames
                0x00000000      0x170
 *(.debug_pubnames)
 .debug_pubnames
                0x00000000       0x23 g:/imt/03-imt sdk/03- imt sdk/imt_sdk_win_64/winavr/bin/../lib/gcc/avr/4.3.3/avr5\libgcc.a(_fixunssfsi.o)
 .debug_pubnames
                0x00000023       0x2c g:/imt/03-imt sdk/03- imt sdk/imt_sdk_win_64/winavr/bin/../lib/gcc/avr/4.3.3/avr5\libgcc.a(_addsub_sf.o)
 .debug_pubnames
                0x0000004f       0x1f g:/imt/03-imt sdk/03- imt sdk/imt_sdk_win_64/winavr/bin/../lib/gcc/avr/4.3.3/avr5\libgcc.a(_mul_sf.o)
 .debug_pubnames
                0x0000006e       0x1e g:/imt/03-imt sdk/03- imt sdk/imt_sdk_win_64/winavr/bin/../lib/gcc/avr/4.3.3/avr5\libgcc.a(_gt_sf.o)
 .debug_pubnames
                0x0000008c       0x1e g:/imt/03-imt sdk/03- imt sdk/imt_sdk_win_64/winavr/bin/../lib/gcc/avr/4.3.3/avr5\libgcc.a(_ge_sf.o)
 .debug_pubnames
                0x000000aa       0x1e g:/imt/03-imt sdk/03- imt sdk/imt_sdk_win_64/winavr/bin/../lib/gcc/avr/4.3.3/avr5\libgcc.a(_lt_sf.o)
 .debug_pubnames
                0x000000c8       0x20 g:/imt/03-imt sdk/03- imt sdk/imt_sdk_win_64/winavr/bin/../lib/gcc/avr/4.3.3/avr5\libgcc.a(_sf_to_si.o)
 .debug_pubnames
                0x000000e8       0x22 g:/imt/03-imt sdk/03- imt sdk/imt_sdk_win_64/winavr/bin/../lib/gcc/avr/4.3.3/avr5\libgcc.a(_thenan_sf.o)
 .debug_pubnames
                0x0000010a       0x1f g:/imt/03-imt sdk/03- imt sdk/imt_sdk_win_64/winavr/bin/../lib/gcc/avr/4.3.3/avr5\libgcc.a(_pack_sf.o)
 .debug_pubnames
                0x00000129       0x21 g:/imt/03-imt sdk/03- imt sdk/imt_sdk_win_64/winavr/bin/../lib/gcc/avr/4.3.3/avr5\libgcc.a(_unpack_sf.o)
 .debug_pubnames
                0x0000014a       0x26 g:/imt/03-imt sdk/03- imt sdk/imt_sdk_win_64/winavr/bin/../lib/gcc/avr/4.3.3/avr5\libgcc.a(_fpcmp_parts_sf.o)

.debug_info     0x00000000     0x1c49
 *(.debug_info)
 .debug_info    0x00000000       0xb1 g:/imt/03-imt sdk/03- imt sdk/imt_sdk_win_64/winavr/bin/../lib/gcc/avr/4.3.3/avr5\libgcc.a(_fixunssfsi.o)
 .debug_info    0x000000b1      0x47a g:/imt/03-imt sdk/03- imt sdk/imt_sdk_win_64/winavr/bin/../lib/gcc/avr/4.3.3/avr5\libgcc.a(_addsub_sf.o)
 .debug_info    0x0000052b      0x485 g:/imt/03-imt sdk/03- imt sdk/imt_sdk_win_64/winavr/bin/../lib/gcc/avr/4.3.3/avr5\libgcc.a(_mul_sf.o)
 .debug_info    0x000009b0      0x27f g:/imt/03-imt sdk/03- imt sdk/imt_sdk_win_64/winavr/bin/../lib/gcc/avr/4.3.3/avr5\libgcc.a(_gt_sf.o)
 .debug_info    0x00000c2f      0x27f g:/imt/03-imt sdk/03- imt sdk/imt_sdk_win_64/winavr/bin/../lib/gcc/avr/4.3.3/avr5\libgcc.a(_ge_sf.o)
 .debug_info    0x00000eae      0x27f g:/imt/03-imt sdk/03- imt sdk/imt_sdk_win_64/winavr/bin/../lib/gcc/avr/4.3.3/avr5\libgcc.a(_lt_sf.o)
 .debug_info    0x0000112d      0x2b0 g:/imt/03-imt sdk/03- imt sdk/imt_sdk_win_64/winavr/bin/../lib/gcc/avr/4.3.3/avr5\libgcc.a(_sf_to_si.o)
 .debug_info    0x000013dd      0x12c g:/imt/03-imt sdk/03- imt sdk/imt_sdk_win_64/winavr/bin/../lib/gcc/avr/4.3.3/avr5\libgcc.a(_thenan_sf.o)
 .debug_info    0x00001509      0x2df g:/imt/03-imt sdk/03- imt sdk/imt_sdk_win_64/winavr/bin/../lib/gcc/avr/4.3.3/avr5\libgcc.a(_pack_sf.o)
 .debug_info    0x000017e8      0x251 g:/imt/03-imt sdk/03- imt sdk/imt_sdk_win_64/winavr/bin/../lib/gcc/avr/4.3.3/avr5\libgcc.a(_unpack_sf.o)
 .debug_info    0x00001a39      0x210 g:/imt/03-imt sdk/03- imt sdk/imt_sdk_win_64/winavr/bin/../lib/gcc/avr/4.3.3/avr5\libgcc.a(_fpcmp_parts_sf.o)
 *(.gnu.linkonce.wi.*)

.debug_abbrev   0x00000000      0xeeb
 *(.debug_abbrev)
 .debug_abbrev  0x00000000       0x5d g:/imt/03-imt sdk/03- imt sdk/imt_sdk_win_64/winavr/bin/../lib/gcc/avr/4.3.3/avr5\libgcc.a(_fixunssfsi.o)
 .debug_abbrev  0x0000005d      0x1ea g:/imt/03-imt sdk/03- imt sdk/imt_sdk_win_64/winavr/bin/../lib/gcc/avr/4.3.3/avr5\libgcc.a(_addsub_sf.o)
 .debug_abbrev  0x00000247      0x21b g:/imt/03-imt sdk/03- imt sdk/imt_sdk_win_64/winavr/bin/../lib/gcc/avr/4.3.3/avr5\libgcc.a(_mul_sf.o)
 .debug_abbrev  0x00000462      0x15a g:/imt/03-imt sdk/03- imt sdk/imt_sdk_win_64/winavr/bin/../lib/gcc/avr/4.3.3/avr5\libgcc.a(_gt_sf.o)
 .debug_abbrev  0x000005bc      0x15a g:/imt/03-imt sdk/03- imt sdk/imt_sdk_win_64/winavr/bin/../lib/gcc/avr/4.3.3/avr5\libgcc.a(_ge_sf.o)
 .debug_abbrev  0x00000716      0x15a g:/imt/03-imt sdk/03- imt sdk/imt_sdk_win_64/winavr/bin/../lib/gcc/avr/4.3.3/avr5\libgcc.a(_lt_sf.o)
 .debug_abbrev  0x00000870      0x17f g:/imt/03-imt sdk/03- imt sdk/imt_sdk_win_64/winavr/bin/../lib/gcc/avr/4.3.3/avr5\libgcc.a(_sf_to_si.o)
 .debug_abbrev  0x000009ef       0xad g:/imt/03-imt sdk/03- imt sdk/imt_sdk_win_64/winavr/bin/../lib/gcc/avr/4.3.3/avr5\libgcc.a(_thenan_sf.o)
 .debug_abbrev  0x00000a9c      0x1c0 g:/imt/03-imt sdk/03- imt sdk/imt_sdk_win_64/winavr/bin/../lib/gcc/avr/4.3.3/avr5\libgcc.a(_pack_sf.o)
 .debug_abbrev  0x00000c5c      0x154 g:/imt/03-imt sdk/03- imt sdk/imt_sdk_win_64/winavr/bin/../lib/gcc/avr/4.3.3/avr5\libgcc.a(_unpack_sf.o)
 .debug_abbrev  0x00000db0      0x13b g:/imt/03-imt sdk/03- imt sdk/imt_sdk_win_64/winavr/bin/../lib/gcc/avr/4.3.3/avr5\libgcc.a(_fpcmp_parts_sf.o)

.debug_line     0x00000000      0xdad
 *(.debug_line)
 .debug_line    0x00000000       0xa7 g:/imt/03-imt sdk/03- imt sdk/imt_sdk_win_64/winavr/bin/../lib/gcc/avr/4.3.3/avr5\libgcc.a(_fixunssfsi.o)
 .debug_line    0x000000a7      0x2af g:/imt/03-imt sdk/03- imt sdk/imt_sdk_win_64/winavr/bin/../lib/gcc/avr/4.3.3/avr5\libgcc.a(_addsub_sf.o)
 .debug_line    0x00000356      0x239 g:/imt/03-imt sdk/03- imt sdk/imt_sdk_win_64/winavr/bin/../lib/gcc/avr/4.3.3/avr5\libgcc.a(_mul_sf.o)
 .debug_line    0x0000058f       0xd3 g:/imt/03-imt sdk/03- imt sdk/imt_sdk_win_64/winavr/bin/../lib/gcc/avr/4.3.3/avr5\libgcc.a(_gt_sf.o)
 .debug_line    0x00000662       0xd3 g:/imt/03-imt sdk/03- imt sdk/imt_sdk_win_64/winavr/bin/../lib/gcc/avr/4.3.3/avr5\libgcc.a(_ge_sf.o)
 .debug_line    0x00000735       0xd3 g:/imt/03-imt sdk/03- imt sdk/imt_sdk_win_64/winavr/bin/../lib/gcc/avr/4.3.3/avr5\libgcc.a(_lt_sf.o)
 .debug_line    0x00000808      0x109 g:/imt/03-imt sdk/03- imt sdk/imt_sdk_win_64/winavr/bin/../lib/gcc/avr/4.3.3/avr5\libgcc.a(_sf_to_si.o)
 .debug_line    0x00000911       0x90 g:/imt/03-imt sdk/03- imt sdk/imt_sdk_win_64/winavr/bin/../lib/gcc/avr/4.3.3/avr5\libgcc.a(_thenan_sf.o)
 .debug_line    0x000009a1      0x18a g:/imt/03-imt sdk/03- imt sdk/imt_sdk_win_64/winavr/bin/../lib/gcc/avr/4.3.3/avr5\libgcc.a(_pack_sf.o)
 .debug_line    0x00000b2b      0x14b g:/imt/03-imt sdk/03- imt sdk/imt_sdk_win_64/winavr/bin/../lib/gcc/avr/4.3.3/avr5\libgcc.a(_unpack_sf.o)
 .debug_line    0x00000c76      0x137 g:/imt/03-imt sdk/03- imt sdk/imt_sdk_win_64/winavr/bin/../lib/gcc/avr/4.3.3/avr5\libgcc.a(_fpcmp_parts_sf.o)

.debug_frame    0x00000000      0x160
 *(.debug_frame)
 .debug_frame   0x00000000       0x20 g:/imt/03-imt sdk/03- imt sdk/imt_sdk_win_64/winavr/bin/../lib/gcc/avr/4.3.3/avr5\libgcc.a(_fixunssfsi.o)
 .debug_frame   0x00000020       0x40 g:/imt/03-imt sdk/03- imt sdk/imt_sdk_win_64/winavr/bin/../lib/gcc/avr/4.3.3/avr5\libgcc.a(_addsub_sf.o)
 .debug_frame   0x00000060       0x20 g:/imt/03-imt sdk/03- imt sdk/imt_sdk_win_64/winavr/bin/../lib/gcc/avr/4.3.3/avr5\libgcc.a(_mul_sf.o)
 .debug_frame   0x00000080       0x20 g:/imt/03-imt sdk/03- imt sdk/imt_sdk_win_64/winavr/bin/../lib/gcc/avr/4.3.3/avr5\libgcc.a(_gt_sf.o)
 .debug_frame   0x000000a0       0x20 g:/imt/03-imt sdk/03- imt sdk/imt_sdk_win_64/winavr/bin/../lib/gcc/avr/4.3.3/avr5\libgcc.a(_ge_sf.o)
 .debug_frame   0x000000c0       0x20 g:/imt/03-imt sdk/03- imt sdk/imt_sdk_win_64/winavr/bin/../lib/gcc/avr/4.3.3/avr5\libgcc.a(_lt_sf.o)
 .debug_frame   0x000000e0       0x20 g:/imt/03-imt sdk/03- imt sdk/imt_sdk_win_64/winavr/bin/../lib/gcc/avr/4.3.3/avr5\libgcc.a(_sf_to_si.o)
 .debug_frame   0x00000100       0x20 g:/imt/03-imt sdk/03- imt sdk/imt_sdk_win_64/winavr/bin/../lib/gcc/avr/4.3.3/avr5\libgcc.a(_pack_sf.o)
 .debug_frame   0x00000120       0x20 g:/imt/03-imt sdk/03- imt sdk/imt_sdk_win_64/winavr/bin/../lib/gcc/avr/4.3.3/avr5\libgcc.a(_unpack_sf.o)
 .debug_frame   0x00000140       0x20 g:/imt/03-imt sdk/03- imt sdk/imt_sdk_win_64/winavr/bin/../lib/gcc/avr/4.3.3/avr5\libgcc.a(_fpcmp_parts_sf.o)

.debug_str      0x00000000      0x28d
 *(.debug_str)
 .debug_str     0x00000000       0xbf g:/imt/03-imt sdk/03- imt sdk/imt_sdk_win_64/winavr/bin/../lib/gcc/avr/4.3.3/avr5\libgcc.a(_fixunssfsi.o)
                                 0xfe (size before relaxing)
 .debug_str     0x000000bf      0x14d g:/imt/03-imt sdk/03- imt sdk/imt_sdk_win_64/winavr/bin/../lib/gcc/avr/4.3.3/avr5\libgcc.a(_addsub_sf.o)
                                0x206 (size before relaxing)
 .debug_str     0x0000020c       0x27 g:/imt/03-imt sdk/03- imt sdk/imt_sdk_win_64/winavr/bin/../lib/gcc/avr/4.3.3/avr5\libgcc.a(_mul_sf.o)
                                0x1bf (size before relaxing)
 .debug_str     0x00000233        0xf g:/imt/03-imt sdk/03- imt sdk/imt_sdk_win_64/winavr/bin/../lib/gcc/avr/4.3.3/avr5\libgcc.a(_gt_sf.o)
                                0x195 (size before relaxing)
 .debug_str     0x00000242        0x8 g:/imt/03-imt sdk/03- imt sdk/imt_sdk_win_64/winavr/bin/../lib/gcc/avr/4.3.3/avr5\libgcc.a(_ge_sf.o)
                                0x195 (size before relaxing)
 .debug_str     0x0000024a        0x8 g:/imt/03-imt sdk/03- imt sdk/imt_sdk_win_64/winavr/bin/../lib/gcc/avr/4.3.3/avr5\libgcc.a(_lt_sf.o)
                                0x195 (size before relaxing)
 .debug_str     0x00000252        0xa g:/imt/03-imt sdk/03- imt sdk/imt_sdk_win_64/winavr/bin/../lib/gcc/avr/4.3.3/avr5\libgcc.a(_sf_to_si.o)
                                0x19e (size before relaxing)
 .debug_str     0x00000000      0x103 g:/imt/03-imt sdk/03- imt sdk/imt_sdk_win_64/winavr/bin/../lib/gcc/avr/4.3.3/avr5\libgcc.a(_thenan_sf.o)
 .debug_str     0x0000025c       0x16 g:/imt/03-imt sdk/03- imt sdk/imt_sdk_win_64/winavr/bin/../lib/gcc/avr/4.3.3/avr5\libgcc.a(_pack_sf.o)
                                0x19d (size before relaxing)
 .debug_str     0x00000272        0xb g:/imt/03-imt sdk/03- imt sdk/imt_sdk_win_64/winavr/bin/../lib/gcc/avr/4.3.3/avr5\libgcc.a(_unpack_sf.o)
                                0x17f (size before relaxing)
 .debug_str     0x0000027d       0x10 g:/imt/03-imt sdk/03- imt sdk/imt_sdk_win_64/winavr/bin/../lib/gcc/avr/4.3.3/avr5\libgcc.a(_fpcmp_parts_sf.o)
                                0x163 (size before relaxing)

.debug_loc      0x00000000      0x7ce
 *(.debug_loc)
 .debug_loc     0x00000000       0x34 g:/imt/03-imt sdk/03- imt sdk/imt_sdk_win_64/winavr/bin/../lib/gcc/avr/4.3.3/avr5\libgcc.a(_fixunssfsi.o)
 .debug_loc     0x00000034      0x32a g:/imt/03-imt sdk/03- imt sdk/imt_sdk_win_64/winavr/bin/../lib/gcc/avr/4.3.3/avr5\libgcc.a(_addsub_sf.o)
 .debug_loc     0x0000035e      0x104 g:/imt/03-imt sdk/03- imt sdk/imt_sdk_win_64/winavr/bin/../lib/gcc/avr/4.3.3/avr5\libgcc.a(_mul_sf.o)
 .debug_loc     0x00000462       0x3c g:/imt/03-imt sdk/03- imt sdk/imt_sdk_win_64/winavr/bin/../lib/gcc/avr/4.3.3/avr5\libgcc.a(_gt_sf.o)
 .debug_loc     0x0000049e       0x3c g:/imt/03-imt sdk/03- imt sdk/imt_sdk_win_64/winavr/bin/../lib/gcc/avr/4.3.3/avr5\libgcc.a(_ge_sf.o)
 .debug_loc     0x000004da       0x3c g:/imt/03-imt sdk/03- imt sdk/imt_sdk_win_64/winavr/bin/../lib/gcc/avr/4.3.3/avr5\libgcc.a(_lt_sf.o)
 .debug_loc     0x00000516       0x7e g:/imt/03-imt sdk/03- imt sdk/imt_sdk_win_64/winavr/bin/../lib/gcc/avr/4.3.3/avr5\libgcc.a(_sf_to_si.o)
 .debug_loc     0x00000594      0x13e g:/imt/03-imt sdk/03- imt sdk/imt_sdk_win_64/winavr/bin/../lib/gcc/avr/4.3.3/avr5\libgcc.a(_pack_sf.o)
 .debug_loc     0x000006d2       0xac g:/imt/03-imt sdk/03- imt sdk/imt_sdk_win_64/winavr/bin/../lib/gcc/avr/4.3.3/avr5\libgcc.a(_unpack_sf.o)
 .debug_loc     0x0000077e       0x50 g:/imt/03-imt sdk/03- imt sdk/imt_sdk_win_64/winavr/bin/../lib/gcc/avr/4.3.3/avr5\libgcc.a(_fpcmp_parts_sf.o)

.debug_macinfo
 *(.debug_macinfo)
OUTPUT(Final_Project.elf elf32-avr)
LOAD linker stubs

.debug_ranges   0x00000000       0x50
 .debug_ranges  0x00000000       0x50 g:/imt/03-imt sdk/03- imt sdk/imt_sdk_win_64/winavr/bin/../lib/gcc/avr/4.3.3/avr5\libgcc.a(_mul_sf.o)
